// Jest Snapshot v1, https://goo.gl/fbAQLP

exports[`Pruebas en <LoginScreen/> Debe mostrarse correctamente 1`] = `
Array [
  <img
    alt="CreativiTICs"
    className="auth__icon-cr"
    src="https://creativitics.net/wp-content/uploads/Icono-CreativiTICs.png"
  />,
  <h3
    className="auth__title"
  >
    Loggeate
  </h3>,
  <form
    className="animate__animated animate__fadeIn animate__faster"
    onSubmit={[Function]}
  >
    <input
      autoComplete="off"
      className="auth__input"
      name="email"
      onChange={[Function]}
      placeholder="Email"
      type="text"
      value=""
    />
    <input
      className="auth__input"
      name="password"
      onChange={[Function]}
      placeholder="Password"
      type="password"
      value=""
    />
    <button
      className="btn btn-primary btn-block"
      disabled={false}
      type="submit"
    >
      Entrar
    </button>
    <div
      className="auth__social-networks"
    >
      <p
        className="auth__p-social"
      >
        Registrate con Tus Redes Sociales 
      </p>
      <div
        className="google-btn"
        onClick={[Function]}
      >
        <div
          className="google-icon-wrapper"
        >
          <img
            alt="google button"
            className="google-icon"
            src="https://upload.wikimedia.org/wikipedia/commons/5/53/Google_%22G%22_Logo.svg"
          />
        </div>
        <p
          className="btn-text"
        >
          <b>
            Registrate con Google
          </b>
        </p>
      </div>
      <a
        className="link"
        href="/auth/register"
        onClick={[Function]}
      >
        Crear una nueva cuenta
      </a>
    </div>
  </form>,
]
`;
