// Jest Snapshot v1, https://goo.gl/fbAQLP

exports[`Pruebas en <RegisterScreen/> Debe mostrarse correctamente 1`] = `
Array [
  <img
    alt="CreativiTICs"
    className="auth__icon-cr"
    src="https://creativitics.net/wp-content/uploads/Icono-CreativiTICs.png"
  />,
  <h3
    className="auth__title"
  >
    Regístrate
  </h3>,
  <form
    className="animate__animated animate__fadeIn animate__faster"
    onSubmit={[Function]}
  >
    <input
      autoComplete="off"
      className="auth__input"
      name="name"
      onChange={[Function]}
      placeholder="Nombre"
      type="text"
      value="Carlos"
    />
    <input
      autoComplete="off"
      className="auth__input"
      name="email"
      onChange={[Function]}
      placeholder="Email"
      type="text"
      value="carlos@gmail.com"
    />
    <input
      className="auth__input"
      name="password"
      onChange={[Function]}
      placeholder="Password"
      type="password"
      value="123456"
    />
    <input
      className="auth__input"
      name="password2"
      onChange={[Function]}
      placeholder="Confirma tu password"
      type="password"
      value="123456"
    />
    <button
      className="btn btn-primary btn-block"
      type="submit"
    >
      Registrarse
    </button>
    <a
      className="link"
      href="/auth/login"
      onClick={[Function]}
    >
      ¿Ya tienes cuenta?
    </a>
  </form>,
]
`;
