// Jest Snapshot v1, https://goo.gl/fbAQLP

exports[`Pruebas en <NoteScreen/> Debe mostrarse correctamente 1`] = `
<div
  className="notes__main-content"
>
  <div
    className="note__appbar"
  >
    <span>
      28 de Diciembre 2020
    </span>
    <input
      id="fileSelector"
      name="file"
      onChange={[Function]}
      style={
        Object {
          "display": "none",
        }
      }
      type="file"
    />
    <div>
      <button
        className="btn"
        onClick={[Function]}
      >
        Cargar Imagen
      </button>
      <button
        className="btn"
        onClick={[Function]}
      >
        Guardar
      </button>
    </div>
  </div>
  <div
    className="notes__content"
  >
    <input
      autoComplete="off"
      className="notes__title-input"
      name="title"
      onChange={[Function]}
      placeholder="Algún título asombroso"
      type="text"
      value="Hola"
    />
    <textarea
      className="notes__textarea"
      name="body"
      onChange={[Function]}
      placeholder="¿Qué pasó hoy?"
      value="mundo"
    />
  </div>
  <button
    className="btn btn-danger"
    onClick={[Function]}
  >
    Borrar
  </button>
</div>
`;
